// Bun Snapshot v1, https://bun.sh/docs/test/snapshots

exports[`ts config (typescript + stylistic) [negative] 誤った記法を error / warn として検知する 1`] = `
"warn @stylistic/no-multiple-empty-lines (1:1)
error @typescript-eslint/consistent-type-imports (2:1)
warn @stylistic/object-curly-spacing (2:8)
warn @stylistic/object-curly-spacing (2:15)
warn perfectionist/sort-imports (3:1)
warn perfectionist/sort-named-imports (3:24)
warn import-x/no-duplicates (3:46)
warn import-x/no-duplicates (4:26)
warn unused-imports/no-unused-imports (5:10)
error @typescript-eslint/no-import-type-side-effects (7:1)
error import-x/consistent-type-specifier-style (7:1)
warn perfectionist/sort-imports (7:1)
warn perfectionist/sort-imports (8:1)
error import-x/extensions (8:24)
warn @stylistic/padding-line-between-statements (9:1)
warn unused-imports/no-unused-vars (9:6)
warn unused-imports/no-unused-vars (10:6)
error @typescript-eslint/no-use-before-define (12:19)
error @typescript-eslint/no-require-imports (15:14)
error no-undef (15:14)
error func-style (17:1)
warn unused-imports/no-unused-vars (17:10)
warn @stylistic/space-before-function-paren (17:22)
warn @stylistic/block-spacing (17:26)
error @stylistic/brace-style (17:26)
warn @stylistic/max-statements-per-line (17:27)
warn @stylistic/block-spacing (17:35)
error @stylistic/brace-style (17:35)
error @stylistic/semi (17:35)
error no-var (19:1)
warn one-var (19:1)
warn @stylistic/one-var-declaration-per-line (19:14)
warn @typescript-eslint/no-inferrable-types (20:5)
error prefer-const (20:5)
error no-new-wrappers (21:17)
error no-self-compare (22:17)
error eqeqeq (23:19)
warn prefer-template (24:14)
error no-undef (25:17)
warn @typescript-eslint/dot-notation (25:25)
error @typescript-eslint/no-non-null-assertion (26:17)
warn @stylistic/key-spacing (27:17)
warn @stylistic/comma-spacing (27:21)
warn @stylistic/key-spacing (27:24)
warn @typescript-eslint/no-unnecessary-condition (28:5)
warn @stylistic/block-spacing (28:11)
error @stylistic/brace-style (28:11)
warn @stylistic/max-statements-per-line (28:12)
error no-undef (28:12)
warn @stylistic/block-spacing (28:30)
error @stylistic/brace-style (28:30)
warn @typescript-eslint/no-unnecessary-condition (29:23)
warn @typescript-eslint/prefer-optional-chain (29:23)
error no-undef (30:18)
error @typescript-eslint/no-explicit-any (31:17)
warn @stylistic/array-bracket-spacing (32:14)
warn @stylistic/array-bracket-spacing (32:19)
warn @stylistic/arrow-spacing (33:20)
warn @stylistic/arrow-spacing (33:23)
warn @stylistic/space-infix-ops (33:24)
warn @stylistic/arrow-parens (34:17)
error @stylistic/no-floating-decimal (35:20)
error @stylistic/no-mixed-operators (36:22)
error @stylistic/no-mixed-operators (36:28)
error eqeqeq (36:40)
warn @stylistic/rest-spread-spacing (38:21)
warn @stylistic/arrow-spacing (39:28)
warn @stylistic/template-curly-spacing (40:24)
warn @stylistic/template-curly-spacing (40:28)
warn @stylistic/computed-property-spacing (41:26)
warn @typescript-eslint/dot-notation (41:27)
warn @stylistic/computed-property-spacing (41:30)
warn @stylistic/indent (44:1)
warn @stylistic/array-bracket-newline (44:5)
error @stylistic/comma-dangle (47:7)
error @stylistic/comma-style (50:1)
warn @stylistic/indent (50:1)
warn @stylistic/dot-location (51:16)
warn @stylistic/indent (52:1)
warn @stylistic/no-multi-spaces (53:12)
warn @stylistic/no-trailing-spaces (54:15)
warn @stylistic/operator-linebreak (55:17)
warn @stylistic/object-curly-newline (57:13)
warn @stylistic/object-curly-spacing (57:13)
warn @stylistic/indent (58:1)
warn @stylistic/object-curly-newline (58:6)
warn @stylistic/object-curly-spacing (58:6)
warn @stylistic/object-curly-newline (59:13)
warn @stylistic/object-property-newline (59:21)
warn @stylistic/object-curly-newline (60:8)
warn @stylistic/quote-props (61:14)
warn @stylistic/quotes (62:11)
warn @stylistic/rest-spread-spacing (63:18)
warn @stylistic/semi-spacing (64:13)
warn @stylistic/space-unary-ops (65:13)
warn @stylistic/space-in-parens (66:14)
warn @stylistic/space-in-parens (66:18)
warn @stylistic/no-whitespace-before-property (67:14)
warn @typescript-eslint/no-inferrable-types (68:5)
error prefer-const (68:5)
warn @stylistic/type-annotation-spacing (68:9)
warn @stylistic/semi-spacing (69:14)
error @stylistic/no-extra-semi (69:15)
error @stylistic/new-parens (70:12)
warn @stylistic/no-confusing-arrow (71:12)
warn @stylistic/wrap-regex (72:12)
error @stylistic/template-tag-spacing (73:19)
error @stylistic/linebreak-style (74:16)
warn @stylistic/member-delimiter-style (75:24)
warn @stylistic/member-delimiter-style (75:34)
warn @stylistic/arrow-spacing (76:14)
error @stylistic/implicit-arrow-linebreak (77:1)
warn @stylistic/indent (77:1)
warn unused-imports/no-unused-vars (78:7)
error @stylistic/semi-style (79:1)
error func-style (81:1)
warn unused-imports/no-unused-vars (81:10)
warn @stylistic/curly-newline (81:20)
warn @stylistic/max-statements-per-line (82:17)
warn @stylistic/padding-line-between-statements (82:17)
error @stylistic/brace-style (82:28)
error @stylistic/wrap-iife (84:2)
error @stylistic/brace-style (84:13)
warn @stylistic/max-statements-per-line (84:15)
error @stylistic/brace-style (84:25)
warn unused-imports/no-unused-vars (86:7)
error no-nested-ternary (86:23)
error func-style (88:1)
warn unused-imports/no-unused-vars (88:10)
warn @stylistic/padding-line-between-statements (90:3)
warn @stylistic/keyword-spacing (93:1)
error @stylistic/brace-style (93:8)
warn @stylistic/space-before-blocks (93:8)
warn @stylistic/max-statements-per-line (93:10)
error no-undef (93:10)
error @stylistic/brace-style (93:29)
error @stylistic/nonblock-statement-body-position (96:3)
error curly (96:3)
error no-undef (96:3)
error func-style (98:1)
warn @stylistic/function-paren-newline (98:13)
warn @stylistic/function-paren-newline (98:14)
warn @stylistic/function-paren-newline (99:12)
error @stylistic/brace-style (99:14)
error @stylistic/brace-style (99:34)
error func-style (101:1)
error no-undef (102:3)
error @stylistic/function-call-spacing (102:14)
warn @stylistic/function-paren-newline (102:15)
warn @stylistic/function-paren-newline (103:1)
warn @stylistic/indent (103:1)
warn @stylistic/function-call-argument-newline (103:3)
warn @stylistic/function-paren-newline (103:5)
error func-style (106:1)
warn @stylistic/generator-star-spacing (106:10)
warn @stylistic/generator-star-spacing (106:10)
warn @stylistic/yield-star-spacing (108:9)
warn @stylistic/yield-star-spacing (108:9)
warn @stylistic/lines-between-class-members (113:3)
error @stylistic/brace-style (113:12)
error @stylistic/brace-style (113:33)
warn @stylistic/lines-between-class-members (114:3)
error @stylistic/brace-style (114:11)
error @stylistic/brace-style (114:23)
warn @stylistic/switch-colon-spacing (118:10)
warn @stylistic/switch-colon-spacing (120:11)
error @stylistic/brace-style (124:25)
warn @stylistic/space-before-blocks (124:25)
warn @stylistic/max-statements-per-line (124:27)
error @stylistic/brace-style (124:37)
warn @stylistic/indent (125:1)
error @stylistic/no-mixed-spaces-and-tabs (125:1)
error @stylistic/no-tabs (125:1)
warn perfectionist/sort-named-exports (129:28)
warn perfectionist/sort-exports (131:1)
warn @stylistic/jsx-quotes (134:25)
warn @stylistic/jsx-equals-spacing (134:33)
warn @stylistic/jsx-tag-spacing (134:37)
warn @stylistic/jsx-tag-spacing (134:44)
warn @stylistic/jsx-wrap-multilines (137:21)
warn @stylistic/indent (139:1)
warn @stylistic/jsx-closing-tag-location (139:3)
warn @stylistic/jsx-child-element-spacing (143:5)
warn @stylistic/jsx-curly-brace-presence (147:41)
warn @stylistic/jsx-curly-spacing (148:31)
warn @stylistic/jsx-curly-spacing (148:37)
warn @stylistic/jsx-self-closing-comp (150:23)
warn @stylistic/jsx-pascal-case (151:25)
error no-undef (151:26)
warn unused-imports/no-unused-vars (154:7)
warn @stylistic/jsx-wrap-multilines (154:26)
warn @stylistic/indent (155:1)
warn @stylistic/jsx-curly-newline (155:4)
warn @stylistic/jsx-closing-tag-location (155:5)
warn @stylistic/jsx-function-call-newline (156:9)
warn @stylistic/jsx-closing-tag-location (158:1)
warn @stylistic/jsx-wrap-multilines (160:25)
warn @stylistic/jsx-first-prop-new-line (160:31)
warn @stylistic/jsx-closing-bracket-location (161:9)
warn @stylistic/indent (165:1)
warn @stylistic/jsx-indent-props (165:7)
warn unused-imports/no-unused-vars (169:6)
warn @stylistic/type-named-tuple-spacing (169:15)
warn @stylistic/type-named-tuple-spacing (169:15)
warn @stylistic/type-named-tuple-spacing (169:29)
warn @stylistic/jsx-max-props-per-line (174:13)
error no-undef (179:6)
error no-undef (180:6)
error @stylistic/eol-last (247:15)"
`;

exports[`ts config (typescript + stylistic) [auto-fix] 修正可能な記法を自動修正する 1`] = `
"import { readFileSync } from "node:fs";

import type { Linter } from "eslint";

import { helper } from "./helper.js";

const config: Linter.Config = {};
const value = readFileSync("x");
const greet = (name: string): string => \`Hello, \${name}\`;
export const usedValue = value;
export const result = helper();
export const usedGreet = greet("world");
export const usedConfig = config;
if (config) {
  greet("x");
}
const pad = (): number => {
  const p = 1;

  return p;
};
export const usedPad = pad();
"
`;

exports[`react config [negative] 誤った記法を error / warn として検知する 1`] = `
"error @eslint-react/rules-of-hooks (5:21)
error react-hooks/rules-of-hooks (5:21)
error jsx-a11y/alt-text (12:10)
error @eslint-react/no-missing-key (19:9)"
`;

exports[`react config [auto-fix] 修正可能な記法を自動修正する 1`] = `"(no auto-fix)"`;

exports[`tailwind config [negative] 誤った記法を error / warn として検知する 1`] = `
"warn tailwindcss/enforces-negative-arbitrary-values (1:56)
warn better-tailwindcss/enforce-consistent-class-order (2:50)
warn tailwindcss/enforces-shorthand (2:51)
warn tailwindcss/enforces-shorthand (2:55)
error tailwindcss/no-contradicting-classname (3:52)
error tailwindcss/no-contradicting-classname (3:57)
warn tailwindcss/no-unnecessary-arbitrary-value (4:59)
warn better-tailwindcss/enforce-consistent-class-order (5:48)
warn better-tailwindcss/no-unnecessary-whitespace (6:58)
warn better-tailwindcss/enforce-consistent-line-wrapping (7:46)"
`;

exports[`tailwind config [auto-fix] 修正可能な記法を自動修正する 1`] = `
"export const Shorthand = () => <div className="size-4">x</div>;
export const Order = () => <div className="flex items-center">x</div>;
export const Whitespace = () => <div className="flex items-center">x</div>;
export const Negative = () => <div className="m-[5px]">x</div>;
export const Arbitrary = () => <div className="mt-2">x</div>;
"
`;
